// Jest Snapshot v1, https://goo.gl/fbAQLP

exports[`Table standing renders correctly 1`] = `
<div
  className="tableStandings"
>
  <table>
    <tr
      className="head"
    >
      <th>
        #
      </th>
      <th>
        Команда
      </th>
      <th>
        С
      </th>
      <th>
        В
      </th>
      <th>
        Н
      </th>
      <th>
        П
      </th>
      <th>
        РГ
      </th>
      <th>
        Очки
      </th>
    </tr>
    <tr>
      <td>
        1
      </td>
      <td>
        <div>
          <img
            src="https://crests.football-data.org/524.png"
          />
          <span>
            Paris Saint-Germain FC
          </span>
        </div>
      </td>
      <td>
        12
      </td>
      <td>
        8
      </td>
      <td>
        3
      </td>
      <td>
        1
      </td>
      <td>
        20
      </td>
      <td>
        27
      </td>
    </tr>
    <tr>
      <td>
        2
      </td>
      <td>
        <div>
          <img
            src="https://crests.football-data.org/522.png"
          />
          <span>
            OGC Nice
          </span>
        </div>
      </td>
      <td>
        12
      </td>
      <td>
        7
      </td>
      <td>
        5
      </td>
      <td>
        0
      </td>
      <td>
        9
      </td>
      <td>
        26
      </td>
    </tr>
    <tr>
      <td>
        3
      </td>
      <td>
        <div>
          <img
            src="https://crests.football-data.org/548.png"
          />
          <span>
            AS Monaco FC
          </span>
        </div>
      </td>
      <td>
        12
      </td>
      <td>
        7
      </td>
      <td>
        3
      </td>
      <td>
        2
      </td>
      <td>
        11
      </td>
      <td>
        24
      </td>
    </tr>
    <tr>
      <td>
        4
      </td>
      <td>
        <div>
          <img
            src="https://crests.football-data.org/521.svg"
          />
          <span>
            Lille OSC
          </span>
        </div>
      </td>
      <td>
        12
      </td>
      <td>
        5
      </td>
      <td>
        5
      </td>
      <td>
        2
      </td>
      <td>
        4
      </td>
      <td>
        20
      </td>
    </tr>
    <tr>
      <td>
        5
      </td>
      <td>
        <div>
          <img
            src="https://crests.football-data.org/547.png"
          />
          <span>
            Stade de Reims
          </span>
        </div>
      </td>
      <td>
        12
      </td>
      <td>
        6
      </td>
      <td>
        2
      </td>
      <td>
        4
      </td>
      <td>
        2
      </td>
      <td>
        20
      </td>
    </tr>
    <tr>
      <td>
        6
      </td>
      <td>
        <div>
          <img
            src="https://crests.football-data.org/533.png"
          />
          <span>
            Le Havre AC
          </span>
        </div>
      </td>
      <td>
        12
      </td>
      <td>
        3
      </td>
      <td>
        6
      </td>
      <td>
        3
      </td>
      <td>
        -1
      </td>
      <td>
        15
      </td>
    </tr>
    <tr>
      <td>
        7
      </td>
      <td>
        <div>
          <img
            src="https://crests.football-data.org/512.png"
          />
          <span>
            Stade Brestois 29
          </span>
        </div>
      </td>
      <td>
        11
      </td>
      <td>
        4
      </td>
      <td>
        3
      </td>
      <td>
        4
      </td>
      <td>
        -2
      </td>
      <td>
        15
      </td>
    </tr>
    <tr>
      <td>
        8
      </td>
      <td>
        <div>
          <img
            src="https://crests.football-data.org/543.png"
          />
          <span>
            FC Nantes
          </span>
        </div>
      </td>
      <td>
        12
      </td>
      <td>
        4
      </td>
      <td>
        2
      </td>
      <td>
        6
      </td>
      <td>
        -6
      </td>
      <td>
        14
      </td>
    </tr>
    <tr>
      <td>
        9
      </td>
      <td>
        <div>
          <img
            src="https://crests.football-data.org/516.png"
          />
          <span>
            Olympique de Marseille
          </span>
        </div>
      </td>
      <td>
        10
      </td>
      <td>
        3
      </td>
      <td>
        4
      </td>
      <td>
        3
      </td>
      <td>
        0
      </td>
      <td>
        13
      </td>
    </tr>
    <tr>
      <td>
        10
      </td>
      <td>
        <div>
          <img
            src="https://crests.football-data.org/546.png"
          />
          <span>
            Racing Club de Lens
          </span>
        </div>
      </td>
      <td>
        11
      </td>
      <td>
        3
      </td>
      <td>
        4
      </td>
      <td>
        4
      </td>
      <td>
        -1
      </td>
      <td>
        13
      </td>
    </tr>
    <tr>
      <td>
        11
      </td>
      <td>
        <div>
          <img
            src="https://crests.football-data.org/545.svg"
          />
          <span>
            FC Metz
          </span>
        </div>
      </td>
      <td>
        12
      </td>
      <td>
        3
      </td>
      <td>
        4
      </td>
      <td>
        5
      </td>
      <td>
        -6
      </td>
      <td>
        13
      </td>
    </tr>
    <tr>
      <td>
        12
      </td>
      <td>
        <div>
          <img
            src="https://crests.football-data.org/518.png"
          />
          <span>
            Montpellier HSC
          </span>
        </div>
      </td>
      <td>
        11
      </td>
      <td>
        3
      </td>
      <td>
        4
      </td>
      <td>
        4
      </td>
      <td>
        1
      </td>
      <td>
        12
      </td>
    </tr>
    <tr>
      <td>
        13
      </td>
      <td>
        <div>
          <img
            src="https://crests.football-data.org/529.png"
          />
          <span>
            Stade Rennais FC 1901
          </span>
        </div>
      </td>
      <td>
        12
      </td>
      <td>
        2
      </td>
      <td>
        6
      </td>
      <td>
        4
      </td>
      <td>
        0
      </td>
      <td>
        12
      </td>
    </tr>
    <tr>
      <td>
        14
      </td>
      <td>
        <div>
          <img
            src="https://crests.football-data.org/511.png"
          />
          <span>
            Toulouse FC
          </span>
        </div>
      </td>
      <td>
        12
      </td>
      <td>
        2
      </td>
      <td>
        6
      </td>
      <td>
        4
      </td>
      <td>
        -3
      </td>
      <td>
        12
      </td>
    </tr>
    <tr>
      <td>
        15
      </td>
      <td>
        <div>
          <img
            src="https://crests.football-data.org/576.png"
          />
          <span>
            RC Strasbourg Alsace
          </span>
        </div>
      </td>
      <td>
        11
      </td>
      <td>
        3
      </td>
      <td>
        3
      </td>
      <td>
        5
      </td>
      <td>
        -6
      </td>
      <td>
        12
      </td>
    </tr>
    <tr>
      <td>
        16
      </td>
      <td>
        <div>
          <img
            src="https://crests.football-data.org/525.png"
          />
          <span>
            FC Lorient
          </span>
        </div>
      </td>
      <td>
        12
      </td>
      <td>
        2
      </td>
      <td>
        5
      </td>
      <td>
        5
      </td>
      <td>
        -6
      </td>
      <td>
        11
      </td>
    </tr>
    <tr>
      <td>
        17
      </td>
      <td>
        <div>
          <img
            src="https://crests.football-data.org/541.svg"
          />
          <span>
            Clermont Foot 63
          </span>
        </div>
      </td>
      <td>
        11
      </td>
      <td>
        2
      </td>
      <td>
        3
      </td>
      <td>
        6
      </td>
      <td>
        -6
      </td>
      <td>
        9
      </td>
    </tr>
    <tr>
      <td>
        18
      </td>
      <td>
        <div>
          <img
            src="https://crests.football-data.org/523.svg"
          />
          <span>
            Olympique Lyonnais
          </span>
        </div>
      </td>
      <td>
        11
      </td>
      <td>
        1
      </td>
      <td>
        4
      </td>
      <td>
        6
      </td>
      <td>
        -10
      </td>
      <td>
        7
      </td>
    </tr>
  </table>
</div>
`;
